src/app/hub/[id]/ChatWorkspace.tsx(3,25): error TS2307: Cannot find module 'ai/react' or its corresponding type declarations.
src/app/hub/[id]/ChatWorkspace.tsx(71,28): error TS7006: Parameter 'm' implicitly has an 'any' type.
