src/app/api/stripe/webhook/route.ts(56,51): error TS2339: Property 'current_period_end' does not exist on type 'Response<Subscription>'.
src/app/api/stripe/webhook/route.ts(71,57): error TS2367: This comparison appears to be unintentional because the types '"account.application.authorized" | "account.application.deauthorized" | "account.external_account.created" | "account.external_account.deleted" | "account.external_account.updated" | ... 253 more ... | "treasury.received_debit.created"' and '"customer.subscription.canceled"' have no overlap.
src/lib/stripe.ts(5,3): error TS2322: Type '"2025-02-24.acacia"' is not assignable to type '"2026-02-25.clover"'.
